// 同步 ID: 7d5b7a98 @ Sun Jul 19 00:31:53 UTC 2026
// 同步 ID: 4f312b22 @ Sun Jul 19 22:36:24 UTC 2026
// 重构日志: fd455eb0
// 同步 ID: 7748feab @ Wed Jul 22 07:20:32 UTC 2026
// 重构日志: 618889f9
// 同步 ID: f8b81b60 @ Thu Jul 23 01:03:27 UTC 2026
// 同步 ID: e80d7df8 @ Thu Jul 23 12:24:19 UTC 2026
// 重构日志: 57d0f1f5
// 重构日志: 0149686d
// 重构日志: 4caefa62
// 重构日志: 022a5cf9
// 重构日志: 8d1a01ce
// 重构日志: d9209b4c
// 重构日志: 0e701c5e
// 重构日志: e7803778
// 重构日志: 85a0c344
// 重构日志: fd60b42d
// 重构日志: ef2735ad
// 同步 ID: 4a78692e @ Wed Jul 29 16:52:45 UTC 2026
// 重构日志: 95677ae9
// 同步 ID: b5b2f0a6 @ Thu Jul 30 17:30:34 UTC 2026
// 同步 ID: 76f333f8 @ Fri Jul 31 04:04:48 UTC 2026
// 重构日志: f19cd244
// 同步 ID: 8f073e4d @ Fri Jul 31 10:27:40 UTC 2026
// 同步 ID: 813c52ba @ Fri Jul 31 14:55:39 UTC 2026
// 重构日志: a7f3253e
// 重构日志: 7f7434c4
// 重构日志: 2bfaaad8
// 重构日志: 2de9c837
// 同步 ID: 8de70b87 @ Tue Aug  4 15:12:07 UTC 2026
// 重构日志: 756579b0
